 
ERROR: JAVA_HOME is set to an invalid directory: C:\SSAFY\JDK25\openJdk-25  
 
Please set the JAVA_HOME variable in your environment to match the 
location of your Java installation. 
